
=== rapm_core run 0569471f | full | seasons [1997, 1998, 1999, 2000, 2001, 2002, 2003, 2004, 2005, 2006, 2007, 2008, 2009, 2010, 2011, 2012, 2013, 2014, 2015, 2016, 2017, 2018, 2019, 2020, 2021, 2022, 2023, 2024] ===
Fetching possessions from MySQL...
  fetched 6,644,989 possessions in 119.0s
Building game metadata (playoff + B2B)...
Building design matrix...
  X shape = (6644989, 5311)  nnz = 80,313,411

Exhaustive per-block lambda grid search...
  grid combos: 16   folds: 3   total fits: 48
  off grid: [2500.0, 5000.0, 10000.0, 20000.0]
  def grid: [4500.0, 9000.0, 18000.0, 36000.0]
  fixed meta lambdas: home=500.0, rb=250.0, playoff=250.0, b2b=500.0, coach=2000.0
    [   1/16]  off=2500 def=4500  rmse=1.12711  (17s / est 275s)
    [   2/16]  off=2500 def=9000  rmse=1.12715  (33s / est 266s)
    [   3/16]  off=2500 def=18000  rmse=1.12721  (52s / est 275s)
    [   4/16]  off=2500 def=36000  rmse=1.12731  (70s / est 281s)
    [   5/16]  off=5000 def=4500  rmse=1.12713  (89s / est 285s)
    [   6/16]  off=5000 def=9000  rmse=1.12717  (109s / est 291s)
    [   7/16]  off=5000 def=18000  rmse=1.12723  (125s / est 286s)
    [   8/16]  off=5000 def=36000  rmse=1.12733  (144s / est 287s)
    [   9/16]  off=10000 def=4500  rmse=1.12719  (162s / est 289s)
    [  10/16]  off=10000 def=9000  rmse=1.12722  (179s / est 287s)
    [  11/16]  off=10000 def=18000  rmse=1.12729  (195s / est 284s)
    [  12/16]  off=10000 def=36000  rmse=1.12739  (214s / est 285s)
    [  13/16]  off=20000 def=4500  rmse=1.12729  (236s / est 291s)
    [  14/16]  off=20000 def=9000  rmse=1.12733  (255s / est 291s)
    [  15/16]  off=20000 def=18000  rmse=1.12740  (272s / est 290s)
    [  16/16]  off=20000 def=36000  rmse=1.12750  (289s / est 289s)

  best combo: off=2500  def=4500
  best rmse:  1.12711  (±0.00032 across folds)

Loading MPG lookup and computing tier-based replacement levels...
Refitting at chosen alpha toward replacement levels (pass 2)...

Computing Jacobs standard errors (closed-form)...
  σ² = 2.41313  dof = 6639680
Raw coefficients → /Users/eadebayo/Documents/Projects/Sports Analytics/New SPM/rapm/outputs/dump/rapm_core_full_1997-98-99-00-01-02-03-04-05-06-07-08-09-10-11-12-13-14-15-16-17-18-19-20-21-22-23-24_career_alltime.csv
Human-readable → /Users/eadebayo/Documents/Projects/Sports Analytics/New SPM/rapm/outputs/rapm_results/Core_Rapm_full_1997-98-99-00-01-02-03-04-05-06-07-08-09-10-11-12-13-14-15-16-17-18-19-20-21-22-23-24.csv  (2,654 players)
Top 15:
                 Name  PLAYER_ID   MPG  Tier  Poss_Off  Poss_Def   Off    Def   RAPM  Replace_Off  Replace_Def  VORP_Off  VORP_Def   VORP  Off_SE  Def_SE  RAPM_SE  Off_CI_lo  Off_CI_hi  Def_CI_lo  Def_CI_hi  RAPM_CI_lo  RAPM_CI_hi                                                                                Season
         Nikola Jokic     203999 31.22 30-35     47578     47258 9.858 -3.931 13.789       -0.419       -3.250    10.277    -0.681 10.958   1.069   1.001    1.468      7.763     11.953     -5.893     -1.969      10.911      16.667 1997-98-99-00-01-02-03-04-05-06-07-08-09-10-11-12-13-14-15-16-17-18-19-20-21-22-23-24
         LeBron James       2544 37.93 35-40    132128    131797 8.673 -4.481 13.154       -0.146       -2.123     8.819    -2.358 11.177   0.583   0.567    0.815      7.530      9.816     -5.593     -3.369      11.556      14.752 1997-98-99-00-01-02-03-04-05-06-07-08-09-10-11-12-13-14-15-16-17-18-19-20-21-22-23-24
           Chris Paul     101108 34.05 30-35     94922     94699 8.026 -4.383 12.409       -0.419       -3.250     8.445    -1.133  9.578   0.661   0.641    0.922      6.731      9.321     -5.640     -3.125      10.602      14.215 1997-98-99-00-01-02-03-04-05-06-07-08-09-10-11-12-13-14-15-16-17-18-19-20-21-22-23-24
        Kevin Garnett        708 34.82 30-35    100500    100143 3.822 -8.427 12.250       -0.419       -3.250     4.241    -5.178  9.419   0.691   0.666    0.963      2.468      5.177     -9.734     -7.121      10.363      14.137 1997-98-99-00-01-02-03-04-05-06-07-08-09-10-11-12-13-14-15-16-17-18-19-20-21-22-23-24
        Stephen Curry     201939 34.23 30-35     79619     79257 9.249 -2.626 11.874       -0.419       -3.250     9.667     0.624  9.043   0.828   0.792    1.148      7.627     10.871     -4.179     -1.073       9.624      14.125 1997-98-99-00-01-02-03-04-05-06-07-08-09-10-11-12-13-14-15-16-17-18-19-20-21-22-23-24
          Joel Embiid     203954 31.95 30-35     31985     31887 5.732 -6.120 11.852       -0.419       -3.250     6.151    -2.870  9.021   1.074   1.012    1.480      3.627      7.838     -8.104     -4.136       8.951      14.753 1997-98-99-00-01-02-03-04-05-06-07-08-09-10-11-12-13-14-15-16-17-18-19-20-21-22-23-24
        John Stockton        304 30.21 30-35     33991     33958 7.217 -4.632 11.849       -0.419       -3.250     7.636    -1.382  9.018   1.264   1.163    1.720      4.739      9.696     -6.912     -2.352       8.477      15.221 1997-98-99-00-01-02-03-04-05-06-07-08-09-10-11-12-13-14-15-16-17-18-19-20-21-22-23-24
          Paul George     202331 33.66 30-35     66453     66303 5.919 -5.562 11.480       -0.419       -3.250     6.337    -2.312  8.649   0.767   0.741    1.068      4.416      7.422     -7.013     -4.110       9.388      13.573 1997-98-99-00-01-02-03-04-05-06-07-08-09-10-11-12-13-14-15-16-17-18-19-20-21-22-23-24
         Jayson Tatum    1628369 34.23 30-35     42734     42681 7.286 -4.033 11.319       -0.419       -3.250     7.704    -0.783  8.488   1.013   0.962    1.400      5.300      9.272     -5.918     -2.148       8.574      14.063 1997-98-99-00-01-02-03-04-05-06-07-08-09-10-11-12-13-14-15-16-17-18-19-20-21-22-23-24
       Draymond Green     203110 28.66 25-30     59860     59880 3.969 -7.203 11.172       -1.292       -2.637     5.261    -4.566  9.827   0.885   0.848    1.229      2.235      5.703     -8.866     -5.540       8.763      13.582 1997-98-99-00-01-02-03-04-05-06-07-08-09-10-11-12-13-14-15-16-17-18-19-20-21-22-23-24
           Tim Duncan       1495 34.04 30-35    106236    105790 3.957 -7.129 11.086       -0.419       -3.250     4.376    -3.879  8.255   0.759   0.730    1.060      2.468      5.445     -8.560     -5.698       9.009      13.163 1997-98-99-00-01-02-03-04-05-06-07-08-09-10-11-12-13-14-15-16-17-18-19-20-21-22-23-24
        Manu Ginobili       1938 25.42 25-30     63522     63445 6.123 -4.731 10.854       -1.292       -2.637     7.415    -2.094  9.509   0.744   0.723    1.042      4.664      7.582     -6.149     -3.313       8.812      12.896 1997-98-99-00-01-02-03-04-05-06-07-08-09-10-11-12-13-14-15-16-17-18-19-20-21-22-23-24
Giannis Antetokounmpo     203507 32.76 30-35     58747     58602 5.871 -4.813 10.684       -0.419       -3.250     6.290    -1.563  7.853   0.853   0.819    1.186      4.200      7.542     -6.417     -3.208       8.359      13.009 1997-98-99-00-01-02-03-04-05-06-07-08-09-10-11-12-13-14-15-16-17-18-19-20-21-22-23-24
        Kawhi Leonard     202695 31.76 30-35     53209     53147 6.461 -4.185 10.646       -0.419       -3.250     6.879    -0.935  7.815   0.814   0.787    1.136      4.866      8.056     -5.728     -2.642       8.419      12.872 1997-98-99-00-01-02-03-04-05-06-07-08-09-10-11-12-13-14-15-16-17-18-19-20-21-22-23-24
        Jeff Hornacek        204 30.04 30-35     19776     19703 6.800 -3.757 10.557       -0.419       -3.250     7.219    -0.507  7.726   1.407   1.289    1.915      4.043      9.557     -6.284     -1.229       6.804      14.309 1997-98-99-00-01-02-03-04-05-06-07-08-09-10-11-12-13-14-15-16-17-18-19-20-21-22-23-24
Appended to /Users/eadebayo/Documents/Projects/Sports Analytics/New SPM/rapm/outputs/Combined_Rapm_core.csv

Done (549.5s). run_id=0569471f
  chosen lambdas: {'lam_off': 2500.0, 'lam_def': 4500.0, 'lam_home': 500.0, 'lam_rb': 250.0, 'lam_playoff': 250.0, 'lam_b2b': 500.0, 'lam_coach': 2000.0}
